/* $FreeBSD: stable/11/usr.bin/indent/tests/float.0.stdout 313544 2017-02-10 09:31:39Z pstef $ */
/* See r303499 */
void 
t(void)
{
	unsigned long	x = 314UL;
	float		y = 3.14f;
}
