/* $FreeBSD: stable/11/usr.bin/indent/tests/nsac.0.stdout 313544 2017-02-10 09:31:39Z pstef $ */
void 
t(void)
{
	int		a = (double)8;
}
