FUNCTION NAME
pread entry
read entry
FUNCTION NAME
read entry
readlink entry
readv entry
FUNCTION NAME
read entry
readlink entry
readv entry
FUNCTION NAME
readlink entry
FUNCTION NAME
pread64 entry
