m4: gnusofterror.m4 at line 3: include(hey I do not exit): No such file or directory
abc
