core -FDX root  0.002 secs 0.000 us 0.002 sy 0.009 es Thu May 17 05:57
core -DX root  0.005 secs 0.000 us 0.005 sy 0.010 es Thu May 17 05:57
cc - root  0.005 secs 0.000 us 0.005 sy 0.652 es Thu May 17 05:57
ld - root  0.014 secs 0.005 us 0.009 sy 0.150 es Thu May 17 05:57
as - root  0.005 secs 0.000 us 0.005 sy 0.078 es Thu May 17 05:57
cc1 - root  0.024 secs 0.008 us 0.016 sy 0.347 es Thu May 17 05:57
time - root  0.003 secs 0.000 us 0.003 sy 0.005 es Thu May 17 05:57
1234567890123456 - root  0.002 secs 0.000 us 0.002 sy 0.002 es Thu May 17 05:57
ln - root  0.002 secs 0.000 us 0.002 sy 0.002 es Thu May 17 05:57
time - root  0.003 secs 0.000 us 0.003 sy 0.005 es Thu May 17 05:57
1234567890123456 - root  0.002 secs 0.000 us 0.002 sy 0.002 es Thu May 17 05:57
ln - root  0.002 secs 0.000 us 0.002 sy 0.002 es Thu May 17 05:57
time - root  0.003 secs 0.000 us 0.003 sy 0.013 es Thu May 17 05:57
123456789012345 - root  0.002 secs 0.000 us 0.002 sy 0.010 es Thu May 17 05:57
ln - root  0.003 secs 0.000 us 0.003 sy 0.003 es Thu May 17 05:57
time - root  0.003 secs 0.000 us 0.003 sy 0.246 es Thu May 17 05:57
diff - root  0.223 secs 0.164 us 0.060 sy 0.243 es Thu May 17 05:57
time - root  0.003 secs 0.000 us 0.003 sy 0.079 es Thu May 17 05:57
dd - root  0.076 secs 0.000 us 0.076 sy 0.076 es Thu May 17 05:57
time - root  0.004 secs 0.000 us 0.004 sy 3.006 es Thu May 17 05:57
sleep - root  0.002 secs 0.000 us 0.002 sy 3.002 es Thu May 17 05:57
time - root  0.003 secs 0.000 us 0.003 sy 9.945 es Thu May 17 05:57
find - root  0.822 secs 0.055 us 0.767 sy 9.942 es Thu May 17 05:57
time - root  0.003 secs 0.000 us 0.003 sy 3.313 es Thu May 17 05:57
egrep - root  3.247 secs 3.247 us 0.000 sy 3.310 es Thu May 17 05:57
time - root  0.003 secs 0.000 us 0.003 sy 0.185 es Thu May 17 05:57
awk - root  0.163 secs 0.156 us 0.007 sy 0.164 es Thu May 17 05:57
accton - root  0.002 secs 0.000 us 0.002 sy 0.019 es Thu May 17 05:57
