README	e6ebdc91	2429
Qtest.c	140625e2	4778
dItest.c	8689031	2401
ddtest.c	ea24d330	4943
dtest.c	900d971	4071
dt.c	addb61c	6198
ftest.c	f609ce43	3958
getround.c	f471599	2041
strtoIdSI.c	7bfb88b	49
strtoIddSI.c	72e8852	50
strtodISI.c	ed08b740	49
strtodt.c	17aca428	3213
strtopddSI.c	13e7138d	50
strtorddSI.c	f7e4b1d5	50
xLtest.c	faca328f	4646
xQtest.c	efdea3a2	1549
xtest.c	1f19b87	4858
rtestnos	f94bcdf6	336
testnos	e89999d6	485
testnos1	7e16229	294
testnos3	fa5c8aca	11998
dI.out	d522eef	4369
dIsi.out	1dd6d02f	4350
ddsi.out	1f94bbe2	10251
dd.out	e262456e	40923
dtst.out	ee75f6b9	23308
d.out	f271efc9	28131
f.out	4b0bd51	21207
x.ou0	1cfc5d22	25378
xL.ou0	faa3a741	26363
x.ou1	1a7e9dd4	34587
xL.ou1	418057a	26476
Q.ou0	e4592b85	28742
Q.ou1	ea0b344d	39572
makefile	ebbea1e1	4191
