 0 0.016 cpu 162k mem 0 io accton
 0 1.609 cpu 273k mem 0 io awk
 0 0.016 cpu 174k mem 0 io time
 0 29.750 cpu 233k mem 26 io egrep
 0 0.016 cpu 161k mem 0 io time
 0 5.516 cpu 184k mem 4437 io find
 0 0.016 cpu 156k mem 0 io time
 0 0.000 cpu 136k mem 0 io sleep
 0 0.016 cpu 152k mem 0 io time
 0 0.562 cpu 161k mem 16 io dd
 0 0.016 cpu 156k mem 0 io time
 0 1.641 cpu 193k mem 0 io diff
 0 0.016 cpu 156k mem 0 io time
 0 0.000 cpu 169k mem 0 io ln
 0 0.000 cpu 144k mem 0 io 123456789012345
 0 0.016 cpu 166k mem 0 io time
 0 0.016 cpu 170k mem 0 io ln
 0 0.000 cpu 144k mem 0 io 1234567890123456
 0 0.016 cpu 156k mem 0 io time
 0 0.016 cpu 169k mem 0 io ln
 0 0.000 cpu 135k mem 0 io 1234567890123456
 0 0.016 cpu 156k mem 0 io time
 0 0.094 cpu 3462k mem 2 io cc1
 0 0.016 cpu 1047k mem 1 io as
 0 0.094 cpu 1118k mem 10 io ld
 0 0.016 cpu 361k mem 5 io cc
 0 0.031 cpu 165k mem 7 io core
 0 0.000 cpu 112k mem 4 io core*
